127.0.0.1 - - [23/Sep/2024:09:31:30 +0900] "GET / HTTP/1.1" 404 807
0:0:0:0:0:0:0:1 - - [23/Sep/2024:09:31:33 +0900] "GET /moviePrj/movieAll HTTP/1.1" 200 2610
0:0:0:0:0:0:0:1 - - [23/Sep/2024:09:31:39 +0900] "GET /favicon.ico HTTP/1.1" 404 818
127.0.0.1 - - [23/Sep/2024:10:15:44 +0900] "GET / HTTP/1.1" 404 807
0:0:0:0:0:0:0:1 - - [23/Sep/2024:10:15:44 +0900] "GET /day04/pracHello HTTP/1.1" 200 5
127.0.0.1 - - [23/Sep/2024:10:56:52 +0900] "GET / HTTP/1.1" 404 807
0:0:0:0:0:0:0:1 - - [23/Sep/2024:10:56:53 +0900] "GET /day04/pracHello HTTP/1.1" 404 828
127.0.0.1 - - [23/Sep/2024:11:27:44 +0900] "GET / HTTP/1.1" 404 807
0:0:0:0:0:0:0:1 - - [23/Sep/2024:11:27:44 +0900] "GET /day04/servlet/day04.Dan HTTP/1.1" 404 838
127.0.0.1 - - [23/Sep/2024:11:29:57 +0900] "GET / HTTP/1.1" 404 807
0:0:0:0:0:0:0:1 - - [23/Sep/2024:11:29:57 +0900] "GET /day04/Dan HTTP/1.1" 404 825
127.0.0.1 - - [23/Sep/2024:11:31:19 +0900] "GET / HTTP/1.1" 404 807
0:0:0:0:0:0:0:1 - - [23/Sep/2024:11:31:20 +0900] "GET /day04/Dan HTTP/1.1" 404 825
127.0.0.1 - - [23/Sep/2024:12:12:14 +0900] "GET / HTTP/1.1" 404 807
0:0:0:0:0:0:0:1 - - [23/Sep/2024:12:12:16 +0900] "GET /day04/Dan HTTP/1.1" 200 288
127.0.0.1 - - [23/Sep/2024:12:14:40 +0900] "GET / HTTP/1.1" 404 807
0:0:0:0:0:0:0:1 - - [23/Sep/2024:12:14:42 +0900] "GET /day04/Dan HTTP/1.1" 200 303
127.0.0.1 - - [23/Sep/2024:14:19:52 +0900] "GET / HTTP/1.1" 404 807
0:0:0:0:0:0:0:1 - - [23/Sep/2024:14:19:53 +0900] "GET /blindWeb/servlet/blindWeb.blind HTTP/1.1" 404 846
127.0.0.1 - - [23/Sep/2024:14:22:04 +0900] "GET / HTTP/1.1" 404 807
0:0:0:0:0:0:0:1 - - [23/Sep/2024:14:22:05 +0900] "GET /blindWeb/servlet/blindWeb.blind HTTP/1.1" 404 846
127.0.0.1 - - [23/Sep/2024:14:25:23 +0900] "GET / HTTP/1.1" 404 807
0:0:0:0:0:0:0:1 - - [23/Sep/2024:14:25:29 +0900] "GET /blindWeb/servlet/blindWeb.blind HTTP/1.1" 404 846
127.0.0.1 - - [23/Sep/2024:14:26:31 +0900] "GET / HTTP/1.1" 404 807
0:0:0:0:0:0:0:1 - - [23/Sep/2024:14:26:32 +0900] "GET /blindWeb/servlet/blindWeb.blind HTTP/1.1" 404 846
127.0.0.1 - - [23/Sep/2024:14:43:18 +0900] "GET / HTTP/1.1" 404 807
0:0:0:0:0:0:0:1 - - [23/Sep/2024:14:43:20 +0900] "GET /Lotto/Lotto HTTP/1.1" 200 572
127.0.0.1 - - [23/Sep/2024:15:00:32 +0900] "GET / HTTP/1.1" 404 807
0:0:0:0:0:0:0:1 - - [23/Sep/2024:15:00:35 +0900] "GET /blindWeb/blind HTTP/1.1" 200 416
127.0.0.1 - - [23/Sep/2024:15:40:26 +0900] "GET / HTTP/1.1" 404 807
0:0:0:0:0:0:0:1 - - [23/Sep/2024:15:40:28 +0900] "GET /day04/realMovie HTTP/1.1" 200 374
127.0.0.1 - - [23/Sep/2024:15:42:07 +0900] "GET / HTTP/1.1" 404 807
0:0:0:0:0:0:0:1 - - [23/Sep/2024:15:42:08 +0900] "GET /day04/WEB-INF/views/realMovie.jsp HTTP/1.1" 404 721
127.0.0.1 - - [23/Sep/2024:15:42:23 +0900] "GET / HTTP/1.1" 404 807
0:0:0:0:0:0:0:1 - - [23/Sep/2024:15:42:26 +0900] "GET /day04/realMovie HTTP/1.1" 200 457
127.0.0.1 - - [23/Sep/2024:15:53:45 +0900] "GET / HTTP/1.1" 404 807
0:0:0:0:0:0:0:1 - - [23/Sep/2024:15:53:47 +0900] "GET /day04/realMovie HTTP/1.1" 200 455
127.0.0.1 - - [23/Sep/2024:15:54:41 +0900] "GET / HTTP/1.1" 404 807
0:0:0:0:0:0:0:1 - - [23/Sep/2024:15:54:44 +0900] "GET /day04/realMovie HTTP/1.1" 200 513
0:0:0:0:0:0:0:1 - - [23/Sep/2024:15:55:21 +0900] "GET /day04/realMovie HTTP/1.1" 200 514
127.0.0.1 - - [23/Sep/2024:16:09:50 +0900] "GET / HTTP/1.1" 404 807
0:0:0:0:0:0:0:1 - - [23/Sep/2024:16:09:53 +0900] "GET /acornMVC/reg HTTP/1.1" 200 1315
0:0:0:0:0:0:0:1 - - [23/Sep/2024:16:10:10 +0900] "POST /acornMVC/reg HTTP/1.1" 302 -
0:0:0:0:0:0:0:1 - - [23/Sep/2024:16:10:10 +0900] "GET /acornMVC/acornlist HTTP/1.1" 200 5139
0:0:0:0:0:0:0:1 - - [23/Sep/2024:16:10:10 +0900] "GET /acornMVC/css/list.css HTTP/1.1" 200 251
127.0.0.1 - - [23/Sep/2024:16:36:56 +0900] "GET / HTTP/1.1" 404 807
0:0:0:0:0:0:0:1 - - [23/Sep/2024:16:36:58 +0900] "GET /day04/acornReg HTTP/1.1" 200 663
127.0.0.1 - - [23/Sep/2024:16:47:39 +0900] "GET / HTTP/1.1" 404 807
0:0:0:0:0:0:0:1 - - [23/Sep/2024:16:47:42 +0900] "GET /day04/acornReg HTTP/1.1" 200 945
